Copyright 1986-2020 Xilinx, Inc. All Rights Reserved.
------------------------------------------------------------------------------------
| Tool Version : Vivado v.2020.2 (win64) Build 3064766 Wed Nov 18 09:12:45 MST 2020
| Date         : Tue Jan 11 14:47:02 2022
| Host         : LAPTOP-YUXUN running 64-bit major release  (build 9200)
| Command      : report_control_sets -verbose -file TOP_control_sets_placed.rpt
| Design       : TOP
| Device       : xc7a35t
------------------------------------------------------------------------------------

Control Set Information

Table of Contents
-----------------
1. Summary
2. Histogram
3. Flip-Flop Distribution
4. Detailed Control Set Information

1. Summary
----------

+----------------------------------------------------------+-------+
|                          Status                          | Count |
+----------------------------------------------------------+-------+
| Total control sets                                       |   107 |
|    Minimum number of control sets                        |   107 |
|    Addition due to synthesis replication                 |     0 |
|    Addition due to physical synthesis replication        |     0 |
| Unused register locations in slices containing registers |   411 |
+----------------------------------------------------------+-------+
* Control sets can be merged at opt_design using control_set_merge or merge_equivalent_drivers
** Run report_qor_suggestions for automated merging and remapping suggestions


2. Histogram
------------

+--------------------+-------+
|       Fanout       | Count |
+--------------------+-------+
| Total control sets |   107 |
| >= 0 to < 4        |     1 |
| >= 4 to < 6        |    85 |
| >= 6 to < 8        |     1 |
| >= 8 to < 10       |     6 |
| >= 10 to < 12      |     4 |
| >= 12 to < 14      |     2 |
| >= 14 to < 16      |     1 |
| >= 16              |     7 |
+--------------------+-------+
* Control sets can be remapped at either synth_design or opt_design


3. Flip-Flop Distribution
-------------------------

+--------------+-----------------------+------------------------+-----------------+--------------+
| Clock Enable | Synchronous Set/Reset | Asynchronous Set/Reset | Total Registers | Total Slices |
+--------------+-----------------------+------------------------+-----------------+--------------+
| No           | No                    | No                     |             471 |          370 |
| No           | No                    | Yes                    |              74 |           22 |
| No           | Yes                   | No                     |             155 |           48 |
| Yes          | No                    | No                     |              50 |           14 |
| Yes          | No                    | Yes                    |               0 |            0 |
| Yes          | Yes                   | No                     |             471 |          201 |
+--------------+-----------------------+------------------------+-----------------+--------------+


4. Detailed Control Set Information
-----------------------------------

+---------------------------------------+---------------------------------------------------------------+---------------------------------------------------------------+------------------+----------------+--------------+
|              Clock Signal             |                         Enable Signal                         |                        Set/Reset Signal                       | Slice Load Count | Bel Load Count | Bels / Slice |
+---------------------------------------+---------------------------------------------------------------+---------------------------------------------------------------+------------------+----------------+--------------+
|  clk_vga                              |                                                               | op0/op_reset                                                  |                2 |              2 |         1.00 |
|  clk_IBUF_BUFG                        | mouse_inst/MC1/Inst_Ps2Interface/shift_frame                  | mouse_inst/MC1/Inst_Ps2Interface/reset_bit_count              |                1 |              4 |         4.00 |
|  clk_IBUF_BUFG                        | sudoku_solver_inst/p_0_in[218]                                | op0/op_reset                                                  |                3 |              4 |         1.33 |
|  clk_IBUF_BUFG                        | sudoku_solver_inst/p_0_in[298]                                | op0/op_reset                                                  |                2 |              4 |         2.00 |
|  clk_IBUF_BUFG                        | sudoku_solver_inst/p_0_in[242]                                | op0/op_reset                                                  |                2 |              4 |         2.00 |
|  clk_IBUF_BUFG                        | sudoku_solver_inst/p_0_in[226]                                | op0/op_reset                                                  |                1 |              4 |         4.00 |
|  clk_IBUF_BUFG                        | sudoku_solver_inst/p_0_in[210]                                | op0/op_reset                                                  |                2 |              4 |         2.00 |
|  clk_IBUF_BUFG                        | sudoku_solver_inst/p_0_in[278]                                | op0/op_reset                                                  |                1 |              4 |         4.00 |
|  clk_IBUF_BUFG                        |                                                               | mouse_inst/MC1/Inst_Ps2Interface/data_inter0                  |                1 |              4 |         4.00 |
|  clk_IBUF_BUFG                        |                                                               | mouse_inst/MC1/Inst_Ps2Interface/clk_inter0                   |                1 |              4 |         4.00 |
|  clk_IBUF_BUFG                        | sudoku_solver_inst/p_0_in[286]                                | op0/op_reset                                                  |                1 |              4 |         4.00 |
|  clk_IBUF_BUFG                        | sudoku_solver_inst/p_0_in[258]                                | op0/op_reset                                                  |                2 |              4 |         2.00 |
|  clk_IBUF_BUFG                        | sudoku_solver_inst/p_0_in[190]                                | op0/op_reset                                                  |                2 |              4 |         2.00 |
|  clk_IBUF_BUFG                        | sudoku_solver_inst/p_0_in[22]                                 | op0/op_reset                                                  |                2 |              4 |         2.00 |
|  clk_IBUF_BUFG                        | sudoku_solver_inst/p_0_in[246]                                | op0/op_reset                                                  |                1 |              4 |         4.00 |
|  clk_IBUF_BUFG                        | sudoku_solver_inst/p_0_in[262]                                | op0/op_reset                                                  |                2 |              4 |         2.00 |
|  clk_IBUF_BUFG                        | sudoku_solver_inst/p_0_in[238]                                | op0/op_reset                                                  |                2 |              4 |         2.00 |
|  clk_IBUF_BUFG                        | sudoku_solver_inst/p_0_in[282]                                | op0/op_reset                                                  |                2 |              4 |         2.00 |
|  clk_IBUF_BUFG                        | mouse_inst/MC1/Inst_Ps2Interface/FSM_onehot_state_reg[0]_3    | mouse_inst/MC1/x_overflow_i_1_n_0                             |                2 |              4 |         2.00 |
|  clk_IBUF_BUFG                        | sudoku_solver_inst/p_0_in[202]                                | op0/op_reset                                                  |                1 |              4 |         4.00 |
|  clk_IBUF_BUFG                        | sudoku_solver_inst/p_0_in[302]                                | op0/op_reset                                                  |                2 |              4 |         2.00 |
|  clk_IBUF_BUFG                        | sudoku_solver_inst/p_0_in[306]                                | op0/op_reset                                                  |                2 |              4 |         2.00 |
|  clk_IBUF_BUFG                        | sudoku_solver_inst/p_0_in[194]                                | op0/op_reset                                                  |                2 |              4 |         2.00 |
|  clk_IBUF_BUFG                        | sudoku_solver_inst/p_0_in[230]                                | op0/op_reset                                                  |                2 |              4 |         2.00 |
|  clk_IBUF_BUFG                        | sudoku_solver_inst/p_0_in[222]                                | op0/op_reset                                                  |                1 |              4 |         4.00 |
|  clk_IBUF_BUFG                        | sudoku_solver_inst/p_0_in[214]                                | op0/op_reset                                                  |                2 |              4 |         2.00 |
|  clk_IBUF_BUFG                        | sudoku_solver_inst/p_0_in[266]                                | op0/op_reset                                                  |                2 |              4 |         2.00 |
|  clk_IBUF_BUFG                        | sudoku_solver_inst/p_0_in[34]                                 | op0/op_reset                                                  |                1 |              4 |         4.00 |
|  clk_IBUF_BUFG                        | sudoku_solver_inst/p_0_in[50]                                 | op0/op_reset                                                  |                2 |              4 |         2.00 |
|  clk_IBUF_BUFG                        | sudoku_solver_inst/p_0_in[54]                                 | op0/op_reset                                                  |                2 |              4 |         2.00 |
|  clk_IBUF_BUFG                        | sudoku_solver_inst/p_0_in[14]                                 | op0/op_reset                                                  |                2 |              4 |         2.00 |
|  clk_IBUF_BUFG                        | sudoku_solver_inst/p_0_in[6]                                  | op0/op_reset                                                  |                1 |              4 |         4.00 |
|  clk_IBUF_BUFG                        | sudoku_solver_inst/p_0_in[90]                                 | op0/op_reset                                                  |                1 |              4 |         4.00 |
|  clk_IBUF_BUFG                        | sudoku_solver_inst/p_0_in[130]                                | op0/op_reset                                                  |                2 |              4 |         2.00 |
|  clk_IBUF_BUFG                        | sudoku_solver_inst/p_0_in[66]                                 | op0/op_reset                                                  |                2 |              4 |         2.00 |
|  clk_IBUF_BUFG                        | sudoku_solver_inst/p_0_in[74]                                 | op0/op_reset                                                  |                2 |              4 |         2.00 |
|  clk_IBUF_BUFG                        | sudoku_solver_inst/p_0_in[26]                                 | op0/op_reset                                                  |                2 |              4 |         2.00 |
|  clk_IBUF_BUFG                        | sudoku_solver_inst/p_0_in[126]                                | op0/op_reset                                                  |                1 |              4 |         4.00 |
|  clk_IBUF_BUFG                        | sudoku_solver_inst/p_0_in[134]                                | op0/op_reset                                                  |                2 |              4 |         2.00 |
|  clk_IBUF_BUFG                        | sudoku_solver_inst/p_0_in[146]                                | op0/op_reset                                                  |                2 |              4 |         2.00 |
|  clk_IBUF_BUFG                        | sudoku_solver_inst/p_0_in[150]                                | op0/op_reset                                                  |                2 |              4 |         2.00 |
|  clk_IBUF_BUFG                        | sudoku_solver_inst/p_0_in[106]                                | op0/op_reset                                                  |                2 |              4 |         2.00 |
|  clk_IBUF_BUFG                        | sudoku_solver_inst/p_0_in[58]                                 | op0/op_reset                                                  |                2 |              4 |         2.00 |
|  clk_IBUF_BUFG                        | sudoku_solver_inst/p_0_in[98]                                 | op0/op_reset                                                  |                1 |              4 |         4.00 |
|  clk_IBUF_BUFG                        | sudoku_solver_inst/p_0_in[42]                                 | op0/op_reset                                                  |                1 |              4 |         4.00 |
|  clk_IBUF_BUFG                        | sudoku_solver_inst/p_0_in[118]                                | op0/op_reset                                                  |                1 |              4 |         4.00 |
|  clk_IBUF_BUFG                        | sudoku_solver_inst/p_0_in[62]                                 | op0/op_reset                                                  |                1 |              4 |         4.00 |
|  clk_IBUF_BUFG                        | sudoku_solver_inst/p_0_in[38]                                 | op0/op_reset                                                  |                2 |              4 |         2.00 |
|  clk_IBUF_BUFG                        | sudoku_solver_inst/p_0_in[78]                                 | op0/op_reset                                                  |                1 |              4 |         4.00 |
|  clk_IBUF_BUFG                        | sudoku_solver_inst/p_0_in[102]                                | op0/op_reset                                                  |                4 |              4 |         1.00 |
|  clk_IBUF_BUFG                        | sudoku_solver_inst/p_0_in[94]                                 | op0/op_reset                                                  |                2 |              4 |         2.00 |
|  clk_IBUF_BUFG                        | sudoku_solver_inst/p_0_in[110]                                | op0/op_reset                                                  |                2 |              4 |         2.00 |
|  clk_IBUF_BUFG                        | sudoku_solver_inst/p_0_in[138]                                | op0/op_reset                                                  |                2 |              4 |         2.00 |
|  clk_IBUF_BUFG                        | sudoku_solver_inst/p_0_in[142]                                | op0/op_reset                                                  |                2 |              4 |         2.00 |
|  clk_IBUF_BUFG                        | sudoku_solver_inst/p_0_in[10]                                 | op0/op_reset                                                  |                2 |              4 |         2.00 |
|  clk_IBUF_BUFG                        | sudoku_solver_inst/p_0_in[154]                                | op0/op_reset                                                  |                1 |              4 |         4.00 |
|  clk_IBUF_BUFG                        | sudoku_solver_inst/p_0_in[18]                                 | op0/op_reset                                                  |                1 |              4 |         4.00 |
|  clk_IBUF_BUFG                        | sudoku_solver_inst/p_0_in[46]                                 | op0/op_reset                                                  |                2 |              4 |         2.00 |
|  clk_IBUF_BUFG                        | sudoku_solver_inst/p_0_in[82]                                 | op0/op_reset                                                  |                2 |              4 |         2.00 |
|  clk_IBUF_BUFG                        | sudoku_solver_inst/p_0_in[158]                                | op0/op_reset                                                  |                1 |              4 |         4.00 |
|  clk_IBUF_BUFG                        | sudoku_solver_inst/p_0_in[170]                                | op0/op_reset                                                  |                1 |              4 |         4.00 |
|  clk_IBUF_BUFG                        | sudoku_solver_inst/p_0_in[174]                                | op0/op_reset                                                  |                2 |              4 |         2.00 |
|  clk_IBUF_BUFG                        | sudoku_solver_inst/p_0_in[178]                                | op0/op_reset                                                  |                2 |              4 |         2.00 |
|  clk_IBUF_BUFG                        | sudoku_solver_inst/p_0_in[86]                                 | op0/op_reset                                                  |                1 |              4 |         4.00 |
|  clk_IBUF_BUFG                        | sudoku_solver_inst/p_0_in[182]                                | op0/op_reset                                                  |                1 |              4 |         4.00 |
|  clk_IBUF_BUFG                        | sudoku_solver_inst/p_0_in[70]                                 | op0/op_reset                                                  |                2 |              4 |         2.00 |
|  clk_IBUF_BUFG                        | sudoku_solver_inst/p_0_in[114]                                | op0/op_reset                                                  |                1 |              4 |         4.00 |
|  clk_IBUF_BUFG                        | sudoku_solver_inst/p_0_in[30]                                 | op0/op_reset                                                  |                3 |              4 |         1.33 |
|  clk_IBUF_BUFG                        | sudoku_solver_inst/p_0_in[122]                                | op0/op_reset                                                  |                2 |              4 |         2.00 |
|  clk_IBUF_BUFG                        | sudoku_solver_inst/p_0_in[162]                                | op0/op_reset                                                  |                1 |              4 |         4.00 |
|  clk_IBUF_BUFG                        | sudoku_solver_inst/p_0_in[2]                                  | op0/op_reset                                                  |                1 |              4 |         4.00 |
|  clk_IBUF_BUFG                        | sudoku_solver_inst/p_0_in[166]                                | op0/op_reset                                                  |                1 |              4 |         4.00 |
|  clk_IBUF_BUFG                        | sudoku_solver_inst/p_0_in[186]                                | op0/op_reset                                                  |                2 |              4 |         2.00 |
|  clk_IBUF_BUFG                        | sudoku_solver_inst/p_0_in[290]                                | op0/op_reset                                                  |                3 |              4 |         1.33 |
|  clk_IBUF_BUFG                        | sudoku_solver_inst/p_0_in[310]                                | op0/op_reset                                                  |                1 |              4 |         4.00 |
|  clk_IBUF_BUFG                        | sudoku_solver_inst/p_0_in[198]                                | op0/op_reset                                                  |                2 |              4 |         2.00 |
|  clk_IBUF_BUFG                        | sudoku_solver_inst/p_0_in[234]                                | op0/op_reset                                                  |                2 |              4 |         2.00 |
|  clk_IBUF_BUFG                        | sudoku_solver_inst/p_0_in[270]                                | op0/op_reset                                                  |                3 |              4 |         1.33 |
|  clk_IBUF_BUFG                        | sudoku_solver_inst/p_0_in[314]                                | op0/op_reset                                                  |                2 |              4 |         2.00 |
|  clk_IBUF_BUFG                        | sudoku_solver_inst/p_0_in[206]                                | op0/op_reset                                                  |                2 |              4 |         2.00 |
|  clk_IBUF_BUFG                        | sudoku_solver_inst/p_0_in[250]                                | op0/op_reset                                                  |                2 |              4 |         2.00 |
|  clk_IBUF_BUFG                        | sudoku_solver_inst/p_0_in[318]                                | op0/op_reset                                                  |                1 |              4 |         4.00 |
|  clk_IBUF_BUFG                        | sudoku_solver_inst/p_0_in[254]                                | op0/op_reset                                                  |                2 |              4 |         2.00 |
|  clk_IBUF_BUFG                        | sudoku_solver_inst/p_0_in[294]                                | op0/op_reset                                                  |                2 |              4 |         2.00 |
|  clk_IBUF_BUFG                        | sudoku_solver_inst/p_0_in[274]                                | op0/op_reset                                                  |                2 |              4 |         2.00 |
|  clk_IBUF_BUFG                        | sudoku_solver_inst/p_0_in[322]                                | op0/op_reset                                                  |                2 |              4 |         2.00 |
|  clk_IBUF_BUFG                        | mouse_inst/MC1/Inst_Ps2Interface/delay_63clk_count[6]_i_2_n_0 | mouse_inst/MC1/Inst_Ps2Interface/delay_63clk_count[6]_i_1_n_0 |                2 |              7 |         3.50 |
|  sudoku_solver_inst/data_next1__0     |                                                               |                                                               |                2 |              8 |         4.00 |
|  clk_IBUF_BUFG                        | mouse_inst/MC1/Inst_Ps2Interface/load_rx_data                 |                                                               |                1 |              8 |         8.00 |
|  clk_IBUF_BUFG                        | mouse_inst/MC1/Inst_Ps2Interface/FSM_onehot_state_reg[0]_2    | mouse_inst/MC1/y_inc[4]_i_1_n_0                               |                1 |              8 |         8.00 |
|  clk_IBUF_BUFG                        | mouse_inst/MC1/Inst_Ps2Interface/FSM_onehot_state_reg[0]_1    | mouse_inst/MC1/x_inc[7]_i_1_n_0                               |                4 |              8 |         2.00 |
|  clk_IBUF_BUFG                        | mouse_inst/MC1/write_data_1                                   |                                                               |                3 |              8 |         2.67 |
|  music_inst/audio_inst/btSpeedGen/CLK |                                                               | op0/op_reset                                                  |                4 |              8 |         2.00 |
|  clk_vga                              |                                                               | vga_top_inst/vga_controller_inst/pixel_cnt[9]_i_1_n_0         |                5 |             10 |         2.00 |
|  clk_vga                              | vga_top_inst/vga_controller_inst/line_cnt                     | vga_top_inst/vga_controller_inst/line_cnt[9]_i_1_n_0          |                3 |             10 |         3.33 |
|  clk_IBUF_BUFG                        | mouse_inst/MC1/Inst_Ps2Interface/frame[9]_i_1_n_0             |                                                               |                2 |             10 |         5.00 |
|  clk_IBUF_BUFG                        | mouse_inst/MC1/Inst_Ps2Interface/delay_20us_count[10]_i_2_n_0 | mouse_inst/MC1/Inst_Ps2Interface/delay_20us_count[10]_i_1_n_0 |                3 |             11 |         3.67 |
|  clk_IBUF_BUFG                        | mouse_inst/MC1/y_new_reg_n_0                                  |                                                               |                4 |             12 |         3.00 |
|  clk_IBUF_BUFG                        | mouse_inst/MC1/x_new_reg_n_0                                  |                                                               |                4 |             12 |         3.00 |
|  clk_IBUF_BUFG                        | mouse_inst/MC1/Inst_Ps2Interface/delay_100us_count[0]_i_2_n_0 | mouse_inst/MC1/Inst_Ps2Interface/clear                        |                4 |             14 |         3.50 |
|  clk_vga                              |                                                               |                                                               |                7 |             17 |         2.43 |
|  clk_IBUF_BUFG                        |                                                               | mouse_inst/MC1/reset_timeout_cnt                              |                5 |             24 |         4.80 |
|  clk_IBUF_BUFG                        |                                                               | mouse_inst/MC1/reset_periodic_check_cnt                       |                7 |             26 |         3.71 |
|  clk_IBUF_BUFG                        | op1/op_start                                                  | op0/op_reset                                                  |               40 |             81 |         2.03 |
|  clk_IBUF_BUFG                        |                                                               |                                                               |               46 |            122 |         2.65 |
|  clk_IBUF_BUFG                        |                                                               | op0/op_reset                                                  |               45 |            151 |         3.36 |
|  board_reg[323]_i_2_n_0               |                                                               |                                                               |              315 |            324 |         1.03 |
+---------------------------------------+---------------------------------------------------------------+---------------------------------------------------------------+------------------+----------------+--------------+


